GowinSynthesis start
Running parser ...
Analyzing Verilog file 'C:\Users\funlu\Desktop\rail\railview\RailView source\src\dvi_tx\dvi_tx.v'
Analyzing Verilog file 'C:\Users\funlu\Desktop\rail\railview\RailView source\src\gowin_rpll\TMDS_rPLL.v'
Analyzing Verilog file 'C:\Users\funlu\Desktop\rail\railview\RailView source\src\key_led_ctrl.v'
Analyzing Verilog file 'C:\Users\funlu\Desktop\rail\railview\RailView source\src\source.v'
Analyzing Verilog file 'C:\Users\funlu\Desktop\rail\railview\RailView source\src\testpattern.v'
Analyzing Verilog file 'C:\Users\funlu\Desktop\rail\railview\RailView source\src\video_top.v'
Undeclared symbol 'I_rst_n', assumed default net type 'wire'("C:\Users\funlu\Desktop\rail\railview\RailView source\src\video_top.v":27)
WARN  (EX3628) : Redeclaration of ANSI port 'running' is not allowed("C:\Users\funlu\Desktop\rail\railview\RailView source\src\video_top.v":32)
WARN  (EX3638) : 'I_rst_n' is already implicitly declared on line 27("C:\Users\funlu\Desktop\rail\railview\RailView source\src\video_top.v":33)
WARN  (EX2830) : Data object 'KEY_sync' is already declared("C:\Users\funlu\Desktop\rail\railview\RailView source\src\video_top.v":35)
Previous declaration of 'KEY_sync' is from here("C:\Users\funlu\Desktop\rail\railview\RailView source\src\video_top.v":29)
WARN  (EX3671) : Second declaration of 'KEY_sync' is ignored("C:\Users\funlu\Desktop\rail\railview\RailView source\src\video_top.v":35)
Compiling module 'video_top'("C:\Users\funlu\Desktop\rail\railview\RailView source\src\video_top.v":1)
Compiling module 'testpattern'("C:\Users\funlu\Desktop\rail\railview\RailView source\src\testpattern.v":1)
Compiling module 'frame_buffer'("C:\Users\funlu\Desktop\rail\railview\RailView source\src\source.v":1)
WARN  (EX3791) : Expression size 14 truncated to fit in target size 13("C:\Users\funlu\Desktop\rail\railview\RailView source\src\source.v":67)
Compiling module 'palette_sw'("C:\Users\funlu\Desktop\rail\railview\RailView source\src\source.v":105)
Compiling module 'TMDS_rPLL'("C:\Users\funlu\Desktop\rail\railview\RailView source\src\gowin_rpll\TMDS_rPLL.v":9)
Compiling module 'DVI_TX_Top'("C:\Users\funlu\Desktop\rail\railview\RailView source\src\dvi_tx\dvi_tx.v":1072)
Compiling module '**'("C:\Users\funlu\Desktop\rail\railview\RailView source\src\dvi_tx\dvi_tx.v":1071)
Compiling module 'key_led_ctrl'("C:\Users\funlu\Desktop\rail\railview\RailView source\src\key_led_ctrl.v":1)
NOTE  (EX0101) : Current top module is "video_top"
[5%] Running netlist conversion ...
WARN  (CV0016) : Input I_key is unused("C:\Users\funlu\Desktop\rail\railview\RailView source\src\video_top.v":9)
Running device independent optimization ...
[10%] Optimizing Phase 0 completed
[15%] Optimizing Phase 1 completed
[25%] Optimizing Phase 2 completed
Running inference ...
[30%] Inferring Phase 0 completed
[40%] Inferring Phase 1 completed
[50%] Inferring Phase 2 completed
[55%] Inferring Phase 3 completed
Running technical mapping ...
[60%] Tech-Mapping Phase 0 completed
[65%] Tech-Mapping Phase 1 completed
[75%] Tech-Mapping Phase 2 completed
[80%] Tech-Mapping Phase 3 completed
[90%] Tech-Mapping Phase 4 completed
WARN  (NL0002) : The module "key_led_ctrl" instantiated to "key_led_ctrl_inst" is swept in optimizing("C:\Users\funlu\Desktop\rail\railview\RailView source\src\video_top.v":190)
[95%] Generate netlist file "C:\Users\funlu\Desktop\rail\railview\RailView source\impl\gwsynthesis\hdmi.vg" completed
[100%] Generate report file "C:\Users\funlu\Desktop\rail\railview\RailView source\impl\gwsynthesis\hdmi_syn.rpt.html" completed
GowinSynthesis finish
